mode: count
fmt/errors.go:17.52,23.25 6 13
fmt/errors.go:28.2,29.12 2 13
fmt/errors.go:23.25,25.3 1 8
fmt/errors.go:25.8,27.3 1 5
fmt/errors.go:37.36,39.2 1 5
fmt/errors.go:41.36,43.2 1 5
fmt/format.go:54.28,56.2 1 14305
fmt/format.go:58.33,61.2 2 6227
fmt/format.go:64.35,65.12 1 7217
fmt/format.go:68.2,72.23 4 7192
fmt/format.go:77.2,78.12 2 7192
fmt/format.go:82.2,83.25 2 7192
fmt/format.go:86.2,86.23 1 7192
fmt/format.go:65.12,67.3 1 25
fmt/format.go:72.23,75.3 2 0
fmt/format.go:78.12,80.3 1 1786
fmt/format.go:83.25,85.3 1 38654
fmt/format.go:90.29,91.33 1 8195
fmt/format.go:95.2,96.14 2 5535
fmt/format.go:91.33,94.3 2 2672
fmt/format.go:96.14,100.3 2 5463
fmt/format.go:100.8,104.3 2 72
fmt/format.go:108.35,109.33 1 268
fmt/format.go:113.2,114.14 2 18
fmt/format.go:109.33,112.3 2 252
fmt/format.go:114.14,118.3 2 12
fmt/format.go:118.8,122.3 2 6
fmt/format.go:126.34,127.7 1 11
fmt/format.go:127.7,129.3 1 9
fmt/format.go:129.8,131.3 1 2
fmt/format.go:135.36,142.33 3 22
fmt/format.go:152.2,155.62 2 22
fmt/format.go:166.2,166.14 1 22
fmt/format.go:172.2,176.15 4 22
fmt/format.go:182.2,190.18 8 22
fmt/format.go:142.33,146.23 3 6
fmt/format.go:146.23,148.4 1 2
fmt/format.go:155.62,164.3 8 10
fmt/format.go:166.14,171.3 4 59
fmt/format.go:176.15,180.3 3 159
fmt/format.go:194.87,196.14 2 2377
fmt/format.go:200.2,203.35 2 2383
fmt/format.go:215.2,216.19 2 2389
fmt/format.go:236.2,239.14 2 2390
fmt/format.go:268.2,270.33 3 2396
fmt/format.go:276.2,276.13 1 2402
fmt/format.go:297.2,297.17 1 2408
fmt/format.go:304.2,304.14 1 2414
fmt/format.go:317.2,320.18 4 2420
fmt/format.go:196.14,198.3 1 22
fmt/format.go:203.35,206.23 2 85
fmt/format.go:206.23,209.4 1 7
fmt/format.go:216.19,219.26 2 27
fmt/format.go:219.26,225.4 5 5
fmt/format.go:226.8,226.35 1 2434
fmt/format.go:226.35,228.36 2 20
fmt/format.go:228.36,230.4 1 2
fmt/format.go:240.10,241.15 1 2348
fmt/format.go:247.10,248.15 1 90
fmt/format.go:253.9,254.14 1 23
fmt/format.go:259.9,260.14 1 13
fmt/format.go:265.10,266.43 1 0
fmt/format.go:241.15,246.4 4 3699
fmt/format.go:248.15,252.4 3 219
fmt/format.go:254.14,258.4 3 75
fmt/format.go:260.14,264.4 3 212
fmt/format.go:270.33,273.3 2 602
fmt/format.go:276.13,277.15 1 91
fmt/format.go:278.10,283.16 4 2
fmt/format.go:284.10,285.21 1 9
fmt/format.go:289.11,294.16 4 74
fmt/format.go:285.21,288.5 2 8
fmt/format.go:297.17,302.3 4 2
fmt/format.go:304.14,307.3 2 22
fmt/format.go:307.8,307.19 1 2554
fmt/format.go:307.19,310.3 2 10
fmt/format.go:310.8,310.20 1 2556
fmt/format.go:310.20,313.3 2 14
fmt/format.go:324.47,325.19 1 398
fmt/format.go:334.2,334.10 1 384
fmt/format.go:325.19,327.20 2 17
fmt/format.go:327.20,329.13 2 67
fmt/format.go:329.13,331.5 1 15
fmt/format.go:338.41,339.19 1 16
fmt/format.go:353.2,353.10 1 13
fmt/format.go:339.19,341.27 2 4
fmt/format.go:341.27,343.13 2 19
fmt/format.go:346.4,347.29 2 16
fmt/format.go:350.4,350.12 1 16
fmt/format.go:343.13,345.5 1 3
fmt/format.go:347.29,349.5 1 11
fmt/format.go:357.30,360.2 2 303
fmt/format.go:363.31,366.2 2 16
fmt/format.go:369.57,371.14 2 100
fmt/format.go:376.2,376.38 1 100
fmt/format.go:380.2,381.15 2 100
fmt/format.go:400.2,400.47 1 80
fmt/format.go:404.2,405.13 2 80
fmt/format.go:409.2,410.30 2 80
fmt/format.go:427.2,429.46 2 80
fmt/format.go:371.14,374.3 1 47
fmt/format.go:376.38,378.3 1 4
fmt/format.go:381.15,382.14 1 80
fmt/format.go:382.14,384.15 1 32
fmt/format.go:388.4,388.23 1 32
fmt/format.go:384.15,386.5 1 15
fmt/format.go:389.9,389.21 1 48
fmt/format.go:389.21,392.4 1 15
fmt/format.go:393.8,394.19 1 20
fmt/format.go:397.3,397.9 1 20
fmt/format.go:394.19,396.4 1 12
fmt/format.go:400.47,402.3 1 32
fmt/format.go:405.13,408.3 1 30
fmt/format.go:410.30,411.23 1 201
fmt/format.go:419.3,419.15 1 201
fmt/format.go:425.3,425.49 1 201
fmt/format.go:411.23,414.15 2 34
fmt/format.go:414.15,417.5 1 17
fmt/format.go:419.15,421.4 1 113
fmt/format.go:421.9,423.4 1 88
fmt/format.go:429.46,431.3 1 8
fmt/format.go:435.39,437.2 1 47
fmt/format.go:440.46,442.2 1 53
fmt/format.go:447.30,449.40 2 108
fmt/format.go:453.2,454.12 2 94
fmt/format.go:449.40,452.3 2 14
fmt/format.go:454.12,456.3 1 14
fmt/format.go:456.8,458.3 1 80
fmt/format.go:463.30,465.22 2 26
fmt/format.go:468.2,470.16 3 26
fmt/format.go:465.22,467.3 1 4
fmt/format.go:475.31,477.22 2 30
fmt/format.go:480.2,481.12 2 30
fmt/format.go:477.22,479.3 1 0
fmt/format.go:481.12,483.3 1 12
fmt/format.go:483.8,485.3 1 18
fmt/format.go:490.66,492.19 1 7380
fmt/format.go:496.2,497.36 2 7380
fmt/format.go:504.2,504.41 1 7380
fmt/format.go:509.2,509.36 1 7380
fmt/format.go:522.2,522.28 1 3863
fmt/format.go:568.2,568.29 1 3863
fmt/format.go:581.2,581.16 1 526
fmt/format.go:492.19,494.3 1 7192
fmt/format.go:497.36,499.3 1 3560
fmt/format.go:499.8,501.3 1 3820
fmt/format.go:504.41,506.3 1 591
fmt/format.go:509.36,513.43 3 3517
fmt/format.go:516.3,518.9 3 3517
fmt/format.go:513.43,515.4 1 153
fmt/format.go:522.28,524.15 2 59
fmt/format.go:535.3,540.33 4 59
fmt/format.go:558.3,558.23 1 59
fmt/format.go:561.3,561.18 1 59
fmt/format.go:565.3,565.29 1 59
fmt/format.go:525.27,528.20 2 43
fmt/format.go:528.20,530.5 1 15
fmt/format.go:540.33,541.18 1 213
fmt/format.go:542.13,543.27 1 19
fmt/format.go:544.18,546.18 2 8
fmt/format.go:547.18,548.35 1 25
fmt/format.go:553.5,553.16 1 2
fmt/format.go:554.12,555.13 1 163
fmt/format.go:548.35,551.11 3 23
fmt/format.go:558.23,560.4 1 40
fmt/format.go:561.18,564.4 2 77
fmt/format.go:568.29,571.49 1 3337
fmt/format.go:577.3,578.9 2 1730
fmt/format.go:571.49,576.4 4 1607
fmt/print.go:77.34,79.2 1 10730
fmt/print.go:81.40,83.2 1 9258
fmt/print.go:85.36,87.2 1 4255
fmt/print.go:89.37,90.23 1 8942
fmt/print.go:95.2,97.29 3 26
fmt/print.go:100.2,101.15 2 26
fmt/print.go:90.23,93.3 2 8916
fmt/print.go:97.29,99.3 1 0
fmt/print.go:132.26,132.44 1 4
fmt/print.go:136.23,143.2 6 6398
fmt/print.go:146.21,153.25 1 6399
fmt/print.go:157.2,161.15 5 6400
fmt/print.go:153.25,155.3 1 0
fmt/print.go:164.41,164.79 1 60
fmt/print.go:166.46,166.86 1 60
fmt/print.go:168.31,169.11 1 7680
fmt/print.go:181.2,181.14 1 7380
fmt/print.go:170.11,171.21 1 60
fmt/print.go:172.11,173.35 1 60
fmt/print.go:174.11,175.37 1 60
fmt/print.go:176.11,177.21 1 60
fmt/print.go:178.11,179.20 1 60
fmt/print.go:186.51,189.2 2 16
fmt/print.go:193.57,196.2 2 63
fmt/print.go:202.79,208.2 5 1826
fmt/print.go:212.65,214.2 1 24
fmt/print.go:217.54,223.2 5 4534
fmt/print.go:230.63,236.2 5 14
fmt/print.go:241.49,243.2 1 3
fmt/print.go:247.38,253.2 5 12
fmt/print.go:262.65,268.2 5 10
fmt/print.go:273.51,275.2 1 9
fmt/print.go:279.40,285.2 5 4
fmt/print.go:290.53,292.53 2 54
fmt/print.go:295.2,295.12 1 54
fmt/print.go:292.53,294.3 1 3
fmt/print.go:300.27,303.2 2 16419
fmt/print.go:306.73,307.18 1 12516
fmt/print.go:310.2,310.75 1 11483
fmt/print.go:317.2,317.8 1 11478
fmt/print.go:307.18,309.3 1 1033
fmt/print.go:310.75,311.20 1 16387
fmt/print.go:314.3,315.15 2 16382
fmt/print.go:311.20,313.4 1 5
fmt/print.go:320.43,321.18 1 0
fmt/print.go:325.2,327.22 3 0
fmt/print.go:321.18,324.3 2 0
fmt/print.go:330.33,335.9 5 46
fmt/print.go:347.2,348.20 2 46
fmt/print.go:336.20,339.25 3 20
fmt/print.go:340.25,343.32 3 18
fmt/print.go:344.10,345.36 1 8
fmt/print.go:351.41,352.14 1 12
fmt/print.go:353.16,354.22 1 11
fmt/print.go:355.10,356.18 1 1
fmt/print.go:362.48,367.2 4 68
fmt/print.go:370.61,371.14 1 3511
fmt/print.go:372.11,373.32 1 209
fmt/print.go:378.11,379.51 1 3158
fmt/print.go:380.11,381.50 1 13
fmt/print.go:382.16,383.50 1 23
fmt/print.go:384.11,385.51 1 14
fmt/print.go:386.11,387.51 1 8
fmt/print.go:388.11,389.16 1 26
fmt/print.go:390.11,391.24 1 34
fmt/print.go:396.11,397.22 1 22
fmt/print.go:398.10,399.18 1 16
fmt/print.go:373.32,375.4 1 26
fmt/print.go:375.9,377.4 1 183
fmt/print.go:391.24,393.4 1 30
fmt/print.go:393.9,395.4 1 4
fmt/print.go:405.55,406.14 1 7383
fmt/print.go:407.11,408.35 1 62
fmt/print.go:409.31,410.36 1 2442
fmt/print.go:411.21,412.35 1 3717
fmt/print.go:413.11,414.34 1 1159
fmt/print.go:415.10,416.18 1 3
fmt/print.go:423.60,426.14 1 1827
fmt/print.go:427.56,435.23 7 1825
fmt/print.go:436.10,437.18 1 2
fmt/print.go:441.45,442.14 1 595
fmt/print.go:443.11,444.19 1 161
fmt/print.go:449.11,450.16 1 308
fmt/print.go:451.11,452.26 1 38
fmt/print.go:453.11,454.26 1 9
fmt/print.go:455.11,456.16 1 78
fmt/print.go:457.10,458.18 1 3
fmt/print.go:444.19,446.4 1 18
fmt/print.go:446.9,448.4 1 143
fmt/print.go:462.63,463.14 1 105
fmt/print.go:464.16,465.19 1 22
fmt/print.go:489.11,490.17 1 16
fmt/print.go:491.11,492.26 1 40
fmt/print.go:493.11,494.26 1 13
fmt/print.go:495.11,496.24 1 12
fmt/print.go:497.10,498.44 1 2
fmt/print.go:465.19,467.16 2 11
fmt/print.go:471.4,472.24 2 9
fmt/print.go:478.4,478.24 1 9
fmt/print.go:467.16,470.5 2 2
fmt/print.go:472.24,473.14 1 18
fmt/print.go:476.5,476.31 1 18
fmt/print.go:473.14,475.6 1 12
fmt/print.go:479.9,481.24 2 11
fmt/print.go:487.4,487.24 1 11
fmt/print.go:481.24,482.14 1 32
fmt/print.go:485.5,485.61 1 32
fmt/print.go:482.14,484.6 1 22
fmt/print.go:502.57,504.22 2 39
fmt/print.go:512.2,512.14 1 38
fmt/print.go:505.98,506.22 1 38
fmt/print.go:507.10,509.9 2 1
fmt/print.go:513.11,514.19 1 13
fmt/print.go:531.11,532.37 1 15
fmt/print.go:533.31,534.42 1 5
fmt/print.go:535.10,536.18 1 5
fmt/print.go:514.19,518.14 4 5
fmt/print.go:523.4,523.24 1 5
fmt/print.go:518.14,520.5 1 1
fmt/print.go:520.10,522.5 1 4
fmt/print.go:524.9,525.14 1 8
fmt/print.go:525.14,527.5 1 3
fmt/print.go:527.10,529.5 1 5
fmt/print.go:540.68,541.34 1 143
fmt/print.go:541.34,545.70 1 11
fmt/print.go:551.3,551.18 1 8
fmt/print.go:556.3,570.28 12 8
fmt/print.go:545.70,548.4 2 3
fmt/print.go:551.18,553.14 1 0
fmt/print.go:574.54,575.16 1 653
fmt/print.go:578.2,578.17 1 645
fmt/print.go:594.2,594.44 1 642
fmt/print.go:602.2,602.18 1 560
fmt/print.go:635.2,635.14 1 499
fmt/print.go:575.16,577.3 1 8
fmt/print.go:578.17,582.48 2 10
fmt/print.go:588.3,590.13 2 7
fmt/print.go:582.48,587.4 4 3
fmt/print.go:594.44,599.3 4 82
fmt/print.go:602.18,603.45 1 117
fmt/print.go:603.45,609.4 4 9
fmt/print.go:610.8,614.15 1 443
fmt/print.go:615.32,620.29 1 359
fmt/print.go:621.15,625.11 4 13
fmt/print.go:627.18,631.11 4 39
fmt/print.go:638.51,642.16 3 10316
fmt/print.go:654.2,654.14 1 10309
fmt/print.go:664.2,664.25 1 10292
fmt/print.go:642.16,643.15 1 14
fmt/print.go:649.3,649.9 1 14
fmt/print.go:644.17,645.35 1 6
fmt/print.go:646.11,647.19 1 8
fmt/print.go:655.11,657.9 2 8
fmt/print.go:658.11,660.9 2 16
fmt/print.go:665.12,666.21 1 5
fmt/print.go:667.15,668.35 1 14
fmt/print.go:669.15,670.26 1 3703
fmt/print.go:671.17,672.40 1 7
fmt/print.go:673.18,674.29 1 1810
fmt/print.go:675.11,676.40 1 1833
fmt/print.go:677.12,678.40 1 2
fmt/print.go:679.13,680.40 1 2
fmt/print.go:681.13,682.40 1 67
fmt/print.go:683.13,684.40 1 338
fmt/print.go:685.12,686.42 1 9
fmt/print.go:687.13,688.42 1 2
fmt/print.go:689.14,690.42 1 672
fmt/print.go:691.14,692.42 1 1013
fmt/print.go:693.14,694.34 1 9
fmt/print.go:695.15,696.42 1 1
fmt/print.go:697.14,698.23 1 559
fmt/print.go:699.14,700.32 1 90
fmt/print.go:701.21,704.38 1 10
fmt/print.go:710.3,710.27 1 9
fmt/print.go:711.10,713.29 1 283
fmt/print.go:704.38,706.29 2 7
fmt/print.go:706.29,708.5 1 1
fmt/print.go:713.29,717.4 1 185
fmt/print.go:723.68,725.58 1 617
fmt/print.go:731.2,734.34 3 570
fmt/print.go:725.58,727.28 2 363
fmt/print.go:727.28,729.4 1 47
fmt/print.go:735.23,736.17 1 2
fmt/print.go:746.20,747.28 1 7
fmt/print.go:748.78,749.46 1 122
fmt/print.go:750.100,751.41 1 96
fmt/print.go:752.23,753.34 1 1
fmt/print.go:754.23,755.34 1 15
fmt/print.go:756.25,757.38 1 4
fmt/print.go:758.26,759.39 1 6
fmt/print.go:760.22,761.32 1 77
fmt/print.go:762.19,763.19 1 16
fmt/print.go:773.3,774.34 2 15
fmt/print.go:786.3,786.19 1 15
fmt/print.go:791.22,792.19 1 24
fmt/print.go:795.3,796.37 2 24
fmt/print.go:812.3,812.23 1 24
fmt/print.go:813.25,815.23 2 43
fmt/print.go:825.36,826.15 1 113
fmt/print.go:849.3,849.19 1 98
fmt/print.go:873.19,876.37 1 38
fmt/print.go:884.3,884.14 1 17
fmt/print.go:885.57,886.24 1 23
fmt/print.go:887.10,888.19 1 0
fmt/print.go:736.17,738.4 1 2
fmt/print.go:738.9,739.16 1 0
fmt/print.go:740.13,741.38 1 0
fmt/print.go:742.12,743.20 1 0
fmt/print.go:763.19,765.17 2 5
fmt/print.go:769.4,769.24 1 4
fmt/print.go:765.17,768.5 2 1
fmt/print.go:770.9,772.4 1 11
fmt/print.go:774.34,775.13 1 24
fmt/print.go:782.4,784.48 3 24
fmt/print.go:775.13,776.21 1 13
fmt/print.go:776.21,778.6 1 1
fmt/print.go:778.11,780.6 1 12
fmt/print.go:786.19,788.4 1 4
fmt/print.go:788.9,790.4 1 11
fmt/print.go:792.19,794.4 1 7
fmt/print.go:796.37,797.13 1 54
fmt/print.go:804.4,804.35 1 54
fmt/print.go:810.4,810.47 1 54
fmt/print.go:797.13,798.21 1 31
fmt/print.go:798.21,800.6 1 10
fmt/print.go:800.11,802.6 1 21
fmt/print.go:804.35,805.51 1 37
fmt/print.go:805.51,808.6 2 37
fmt/print.go:815.23,816.20 1 7
fmt/print.go:816.20,819.5 2 3
fmt/print.go:819.10,821.5 1 4
fmt/print.go:822.9,824.4 1 36
fmt/print.go:827.27,830.40 2 20
fmt/print.go:830.40,832.34 2 15
fmt/print.go:845.5,846.11 2 15
fmt/print.go:832.34,834.6 1 13
fmt/print.go:834.11,834.27 1 2
fmt/print.go:834.27,836.6 1 1
fmt/print.go:836.11,841.27 2 1
fmt/print.go:841.27,843.7 1 3
fmt/print.go:849.19,851.46 2 23
fmt/print.go:855.4,856.33 2 21
fmt/print.go:862.4,862.24 1 21
fmt/print.go:851.46,854.5 2 2
fmt/print.go:856.33,857.14 1 57
fmt/print.go:860.5,860.44 1 57
fmt/print.go:857.14,859.6 1 41
fmt/print.go:863.9,865.33 2 75
fmt/print.go:871.4,871.24 1 75
fmt/print.go:865.33,866.14 1 187
fmt/print.go:869.5,869.44 1 187
fmt/print.go:866.14,868.6 1 113
fmt/print.go:876.37,877.35 1 32
fmt/print.go:878.67,881.11 3 21
fmt/print.go:893.83,895.21 2 32
fmt/print.go:922.2,922.8 1 32
fmt/print.go:895.21,897.13 2 32
fmt/print.go:916.3,917.20 2 32
fmt/print.go:897.13,899.53 1 9
fmt/print.go:900.80,902.27 2 1
fmt/print.go:906.102,908.45 2 6
fmt/print.go:912.12,912.12 0 2
fmt/print.go:902.27,905.6 2 1
fmt/print.go:908.45,911.6 2 4
fmt/print.go:917.20,920.4 2 4
fmt/print.go:931.66,933.21 1 35
fmt/print.go:938.2,938.35 1 33
fmt/print.go:947.2,947.20 1 0
fmt/print.go:933.21,935.3 1 2
fmt/print.go:938.35,939.23 1 67
fmt/print.go:939.23,941.24 2 33
fmt/print.go:944.4,944.33 1 31
fmt/print.go:941.24,943.5 1 2
fmt/print.go:953.105,954.42 1 17063
fmt/print.go:957.2,959.41 3 35
fmt/print.go:962.2,963.28 2 10
fmt/print.go:954.42,956.3 1 17028
fmt/print.go:959.41,961.3 1 25
fmt/print.go:966.35,970.2 3 11
fmt/print.go:972.36,976.2 3 1
fmt/print.go:978.55,984.23 5 6629
fmt/print.go:1134.2,1134.37 1 6630
fmt/print.go:984.23,987.35 3 13500
fmt/print.go:990.3,990.16 1 13508
fmt/print.go:993.3,993.15 1 13516
fmt/print.go:999.3,1004.22 3 11197
fmt/print.go:1041.3,1044.34 2 5786
fmt/print.go:1068.3,1068.36 1 5786
fmt/print.go:1095.3,1095.18 1 5786
fmt/print.go:1099.3,1099.15 1 5786
fmt/print.go:1104.3,1105.28 2 5776
fmt/print.go:1108.3,1110.10 2 5776
fmt/print.go:987.35,989.4 1 10783
fmt/print.go:990.16,992.4 1 8622
fmt/print.go:993.15,995.9 1 2336
fmt/print.go:1004.22,1006.13 2 19669
fmt/print.go:1007.13,1008.23 1 209
fmt/print.go:1009.13,1010.30 1 2697
fmt/print.go:1011.13,1012.22 1 3584
fmt/print.go:1013.13,1015.23 2 95
fmt/print.go:1016.13,1017.23 1 1818
fmt/print.go:1018.12,1021.48 1 11308
fmt/print.go:1036.5,1036.23 1 5785
fmt/print.go:1021.48,1022.18 1 5537
fmt/print.go:1030.6,1033.25 4 5544
fmt/print.go:1022.18,1029.7 4 159
fmt/print.go:1044.34,1048.25 3 21
fmt/print.go:1054.4,1054.21 1 21
fmt/print.go:1059.4,1059.22 1 21
fmt/print.go:1048.25,1050.5 1 3
fmt/print.go:1054.21,1058.5 3 2
fmt/print.go:1060.9,1062.38 2 5765
fmt/print.go:1062.38,1064.5 1 1
fmt/print.go:1068.36,1070.18 2 5508
fmt/print.go:1073.4,1074.35 2 5508
fmt/print.go:1070.18,1072.5 1 1
fmt/print.go:1074.35,1078.23 3 11
fmt/print.go:1082.5,1082.27 1 11
fmt/print.go:1085.5,1085.23 1 11
fmt/print.go:1078.23,1081.6 2 1
fmt/print.go:1082.27,1084.6 1 6
fmt/print.go:1086.10,1088.27 2 5497
fmt/print.go:1088.27,1091.6 2 12
fmt/print.go:1095.18,1097.4 1 5769
fmt/print.go:1099.15,1101.9 2 10
fmt/print.go:1105.28,1107.4 1 22
fmt/print.go:1111.20,1112.24 1 1
fmt/print.go:1113.22,1114.21 1 11
fmt/print.go:1115.25,1116.22 1 1
fmt/print.go:1117.20,1124.15 5 34
fmt/print.go:1125.11,1127.12 2 5763
fmt/print.go:1134.37,1137.34 3 10
fmt/print.go:1149.3,1149.23 1 10
fmt/print.go:1137.34,1138.13 1 10
fmt/print.go:1141.4,1141.18 1 10
fmt/print.go:1138.13,1140.5 1 0
fmt/print.go:1141.18,1143.5 1 1
fmt/print.go:1143.10,1147.5 3 9
fmt/print.go:1153.39,1155.29 2 26
fmt/print.go:1155.29,1158.45 2 48
fmt/print.go:1161.3,1162.24 2 48
fmt/print.go:1158.45,1160.4 1 3
fmt/print.go:1168.41,1169.29 1 14
fmt/print.go:1175.2,1175.23 1 14
fmt/print.go:1169.29,1170.17 1 37
fmt/print.go:1173.3,1173.23 1 37
fmt/print.go:1170.17,1172.4 1 23
fmt/scan.go:63.48,65.2 1 0
fmt/scan.go:69.50,71.2 1 0
fmt/scan.go:80.64,82.2 1 0
fmt/scan.go:86.58,89.12 3 1393
fmt/scan.go:92.2,92.8 1 1393
fmt/scan.go:89.12,91.3 1 96
fmt/scan.go:99.61,101.2 1 22
fmt/scan.go:105.63,107.2 1 7
fmt/scan.go:113.77,115.2 1 249
fmt/scan.go:121.62,126.2 4 1988
fmt/scan.go:130.64,135.2 4 353
fmt/scan.go:141.78,146.2 4 1147
fmt/scan.go:179.50,181.2 1 0
fmt/scan.go:183.55,184.38 1 3546445
fmt/scan.go:189.2,190.16 2 3546284
fmt/scan.go:198.2,198.8 1 3546284
fmt/scan.go:184.38,187.3 2 161
fmt/scan.go:190.16,192.29 2 3545340
fmt/scan.go:192.29,194.4 1 666
fmt/scan.go:195.8,195.26 1 944
fmt/scan.go:195.26,197.3 1 944
fmt/scan.go:201.41,202.25 1 0
fmt/scan.go:205.2,205.23 1 0
fmt/scan.go:202.25,204.3 1 0
fmt/scan.go:210.33,212.16 2 28487
fmt/scan.go:218.2,218.8 1 28184
fmt/scan.go:212.16,213.20 1 303
fmt/scan.go:216.3,216.15 1 0
fmt/scan.go:213.20,215.4 1 303
fmt/scan.go:224.38,226.14 2 1147
fmt/scan.go:229.2,229.8 1 1143
fmt/scan.go:226.14,228.3 1 4
fmt/scan.go:232.33,237.2 4 2258748
fmt/scan.go:239.31,240.23 1 10
fmt/scan.go:243.38,244.35 1 74
fmt/scan.go:247.79,248.15 1 30
fmt/scan.go:257.2,257.14 1 30
fmt/scan.go:260.2,262.8 3 30
fmt/scan.go:248.15,249.31 1 30
fmt/scan.go:249.31,250.35 1 0
fmt/scan.go:250.35,252.5 1 0
fmt/scan.go:252.10,253.13 1 0
fmt/scan.go:257.14,259.3 1 12
fmt/scan.go:280.27,281.16 1 1122445
fmt/scan.go:284.2,285.28 2 73869
fmt/scan.go:293.2,293.14 1 53292
fmt/scan.go:281.16,283.3 1 1048576
fmt/scan.go:285.28,286.18 1 640724
fmt/scan.go:289.3,289.19 1 620860
fmt/scan.go:286.18,288.4 1 19864
fmt/scan.go:289.19,291.4 1 713
fmt/scan.go:297.28,299.2 1 465
fmt/scan.go:314.51,315.19 1 4642
fmt/scan.go:321.2,322.12 2 4639
fmt/scan.go:325.2,325.26 1 4509
fmt/scan.go:315.19,320.3 4 3
fmt/scan.go:322.12,324.3 1 130
fmt/scan.go:330.62,331.21 1 9814
fmt/scan.go:337.2,338.16 2 4620
fmt/scan.go:341.2,341.30 1 4493
fmt/scan.go:348.2,349.44 2 16
fmt/scan.go:359.2,360.14 2 16
fmt/scan.go:365.2,366.8 2 16
fmt/scan.go:331.21,336.3 4 5194
fmt/scan.go:338.16,340.3 1 127
fmt/scan.go:341.30,347.3 4 4477
fmt/scan.go:349.44,351.17 2 22
fmt/scan.go:351.17,352.21 1 3
fmt/scan.go:356.4,356.10 1 0
fmt/scan.go:352.21,354.10 2 3
fmt/scan.go:360.14,363.3 2 3
fmt/scan.go:369.39,370.21 1 5533
fmt/scan.go:374.2,375.12 2 5533
fmt/scan.go:370.21,372.3 1 0
fmt/scan.go:379.26,379.44 1 801
fmt/scan.go:383.76,385.38 2 3488
fmt/scan.go:390.2,398.8 9 3488
fmt/scan.go:385.38,387.3 1 2627
fmt/scan.go:387.8,389.3 1 861
fmt/scan.go:402.30,404.19 1 3488
fmt/scan.go:409.2,409.23 1 3488
fmt/scan.go:412.2,414.15 3 3488
fmt/scan.go:404.19,407.3 2 0
fmt/scan.go:409.23,411.3 1 0
fmt/scan.go:420.26,421.6 1 4008
fmt/scan.go:421.6,423.15 2 4166
fmt/scan.go:426.3,426.32 1 4085
fmt/scan.go:429.3,429.16 1 4085
fmt/scan.go:436.3,436.18 1 4077
fmt/scan.go:423.15,425.4 1 81
fmt/scan.go:426.32,427.12 1 0
fmt/scan.go:429.16,430.19 1 8
fmt/scan.go:433.4,434.10 2 4
fmt/scan.go:430.19,431.13 1 4
fmt/scan.go:436.18,438.9 2 3923
fmt/scan.go:446.62,447.15 1 123
fmt/scan.go:451.2,451.6 1 123
fmt/scan.go:462.2,462.14 1 123
fmt/scan.go:447.15,449.3 1 123
fmt/scan.go:451.6,453.15 2 582
fmt/scan.go:456.3,456.12 1 535
fmt/scan.go:460.3,460.21 1 459
fmt/scan.go:453.15,454.9 1 47
fmt/scan.go:456.12,458.9 2 76
fmt/scan.go:468.38,469.22 1 17086
fmt/scan.go:474.2,474.11 1 8470
fmt/scan.go:469.22,470.13 1 79889
fmt/scan.go:470.13,472.4 1 8616
fmt/scan.go:479.51,481.14 2 14438
fmt/scan.go:484.2,484.27 1 14345
fmt/scan.go:490.2,490.24 1 6022
fmt/scan.go:493.2,493.14 1 6022
fmt/scan.go:481.14,483.3 1 93
fmt/scan.go:484.27,485.13 1 8323
fmt/scan.go:488.3,488.14 1 8323
fmt/scan.go:485.13,487.4 1 8319
fmt/scan.go:490.24,492.3 1 6022
fmt/scan.go:497.35,499.14 2 2469
fmt/scan.go:502.2,502.30 1 2469
fmt/scan.go:499.14,501.3 1 2463
fmt/scan.go:505.23,507.32 1 4947
fmt/scan.go:510.2,510.16 1 4905
fmt/scan.go:507.32,508.16 1 42
fmt/scan.go:515.37,517.2 1 14372
fmt/scan.go:520.58,521.28 1 2688
fmt/scan.go:526.2,527.14 2 4
fmt/scan.go:521.28,522.16 1 17134
fmt/scan.go:522.16,524.4 1 2684
fmt/scan.go:531.39,534.38 3 45
fmt/scan.go:538.2,538.21 1 41
fmt/scan.go:554.2,554.14 1 0
fmt/scan.go:534.38,536.3 1 0
fmt/scan.go:539.11,540.15 1 0
fmt/scan.go:541.11,542.14 1 0
fmt/scan.go:543.16,544.61 1 19
fmt/scan.go:547.3,547.14 1 19
fmt/scan.go:548.16,549.80 1 22
fmt/scan.go:552.3,552.15 1 22
fmt/scan.go:544.61,546.4 1 0
fmt/scan.go:549.80,551.4 1 0
fmt/scan.go:569.59,573.14 4 2315
fmt/scan.go:584.2,584.8 1 2311
fmt/scan.go:574.11,576.24 2 3
fmt/scan.go:577.11,579.23 2 5
fmt/scan.go:580.21,582.29 2 8
fmt/scan.go:588.64,589.17 1 2311
fmt/scan.go:595.2,595.23 1 2311
fmt/scan.go:597.2,597.22 1 2311
fmt/scan.go:589.17,591.24 2 2181
fmt/scan.go:591.24,593.4 1 0
fmt/scan.go:595.24,596.3 0 4198
fmt/scan.go:601.42,606.12 5 39
fmt/scan.go:609.2,609.10 1 35
fmt/scan.go:606.12,608.3 1 4
fmt/scan.go:615.73,616.18 1 2109
fmt/scan.go:619.2,621.9 2 130
fmt/scan.go:616.18,618.3 1 1979
fmt/scan.go:622.20,624.37 2 2
fmt/scan.go:625.20,627.36 2 26
fmt/scan.go:628.20,630.42 2 34
fmt/scan.go:631.10,632.36 1 68
fmt/scan.go:638.52,639.17 1 2193
fmt/scan.go:642.2,646.17 5 2157
fmt/scan.go:656.2,658.16 3 2141
fmt/scan.go:661.2,663.12 3 2141
fmt/scan.go:666.2,666.10 1 2137
fmt/scan.go:639.17,641.3 1 36
fmt/scan.go:646.17,647.55 1 1
fmt/scan.go:647.55,649.4 1 0
fmt/scan.go:650.8,652.18 2 2140
fmt/scan.go:652.18,654.4 1 1960
fmt/scan.go:658.16,660.3 1 0
fmt/scan.go:663.12,665.3 1 4
fmt/scan.go:671.54,672.17 1 177
fmt/scan.go:675.2,679.17 5 174
fmt/scan.go:686.2,688.16 3 170
fmt/scan.go:691.2,693.12 3 170
fmt/scan.go:696.2,696.10 1 168
fmt/scan.go:672.17,674.3 1 3
fmt/scan.go:679.17,680.55 1 1
fmt/scan.go:680.55,682.4 1 0
fmt/scan.go:683.8,683.24 1 169
fmt/scan.go:683.24,685.3 1 149
fmt/scan.go:688.16,690.3 1 0
fmt/scan.go:693.12,695.3 1 2
fmt/scan.go:702.34,705.56 2 273
fmt/scan.go:709.2,711.56 2 264
fmt/scan.go:714.2,716.37 3 237
fmt/scan.go:721.2,721.23 1 237
fmt/scan.go:724.2,724.22 1 237
fmt/scan.go:730.2,730.19 1 237
fmt/scan.go:737.2,737.22 1 237
fmt/scan.go:705.56,707.3 1 9
fmt/scan.go:711.56,713.3 1 27
fmt/scan.go:716.37,719.3 2 73
fmt/scan.go:721.24,722.3 0 267
fmt/scan.go:724.22,726.24 1 137
fmt/scan.go:726.25,727.4 0 200
fmt/scan.go:730.19,734.37 2 184
fmt/scan.go:734.38,735.4 0 237
fmt/scan.go:743.50,749.21 4 73
fmt/scan.go:753.2,755.20 3 73
fmt/scan.go:758.2,758.30 1 73
fmt/scan.go:761.2,761.30 1 73
fmt/scan.go:749.21,751.3 1 0
fmt/scan.go:755.20,757.3 1 0
fmt/scan.go:758.30,760.3 1 0
fmt/scan.go:764.26,765.30 1 101
fmt/scan.go:770.2,770.14 1 36
fmt/scan.go:765.30,766.33 1 403
fmt/scan.go:766.33,768.4 1 65
fmt/scan.go:774.54,778.52 1 272
fmt/scan.go:799.2,800.16 2 236
fmt/scan.go:803.2,803.10 1 231
fmt/scan.go:778.52,782.17 2 36
fmt/scan.go:789.3,790.17 2 36
fmt/scan.go:797.3,797.26 1 36
fmt/scan.go:782.17,784.44 1 0
fmt/scan.go:787.4,787.16 1 0
fmt/scan.go:784.44,786.5 1 0
fmt/scan.go:790.17,792.44 1 0
fmt/scan.go:795.4,795.16 1 0
fmt/scan.go:792.44,794.5 1 0
fmt/scan.go:800.16,802.3 1 5
fmt/scan.go:810.55,811.44 1 77
fmt/scan.go:814.2,819.28 6 77
fmt/scan.go:811.44,813.3 1 0
fmt/scan.go:824.52,825.40 1 128
fmt/scan.go:828.2,830.14 3 128
fmt/scan.go:838.2,838.8 1 110
fmt/scan.go:825.40,827.3 1 0
fmt/scan.go:831.11,832.25 1 6
fmt/scan.go:833.16,834.22 1 12
fmt/scan.go:835.10,836.40 1 93
fmt/scan.go:842.36,845.15 3 6
fmt/scan.go:879.2,879.11 1 0
fmt/scan.go:846.11,848.7 1 2
fmt/scan.go:855.3,855.23 1 2
fmt/scan.go:856.11,859.7 2 4
fmt/scan.go:871.3,872.17 2 4
fmt/scan.go:875.3,875.16 1 4
fmt/scan.go:876.10,877.42 1 0
fmt/scan.go:848.7,850.18 2 35
fmt/scan.go:853.4,853.22 1 33
fmt/scan.go:850.18,851.10 1 2
fmt/scan.go:859.7,862.17 3 57
fmt/scan.go:862.17,867.5 1 8
fmt/scan.go:867.10,867.23 1 49
fmt/scan.go:867.23,868.10 1 4
fmt/scan.go:872.17,874.4 1 0
fmt/scan.go:883.35,885.15 2 133
fmt/scan.go:893.2,893.18 1 8
fmt/scan.go:886.56,887.27 1 119
fmt/scan.go:888.36,889.32 1 3
fmt/scan.go:890.36,891.32 1 3
fmt/scan.go:899.42,901.18 2 74
fmt/scan.go:904.2,905.9 2 70
fmt/scan.go:909.2,910.9 2 63
fmt/scan.go:914.2,914.39 1 62
fmt/scan.go:901.18,903.3 1 4
fmt/scan.go:905.9,908.3 2 7
fmt/scan.go:910.9,913.3 2 1
fmt/scan.go:918.33,920.6 2 12
fmt/scan.go:927.2,927.21 1 11
fmt/scan.go:931.2,931.22 1 11
fmt/scan.go:920.6,922.10 2 74
fmt/scan.go:925.3,925.21 1 62
fmt/scan.go:922.10,923.9 1 11
fmt/scan.go:927.21,930.3 2 0
fmt/scan.go:944.50,948.32 3 3589
fmt/scan.go:959.2,959.25 1 2752
fmt/scan.go:948.32,950.17 2 837
fmt/scan.go:956.3,956.9 1 836
fmt/scan.go:950.17,951.21 1 1
fmt/scan.go:954.4,954.16 1 1
fmt/scan.go:951.21,953.5 1 1
fmt/scan.go:960.13,961.24 1 25
fmt/scan.go:962.18,963.42 1 12
fmt/scan.go:964.19,965.32 1 61
fmt/scan.go:966.12,967.37 1 1957
fmt/scan.go:968.13,969.32 1 55
fmt/scan.go:970.14,971.34 1 35
fmt/scan.go:972.14,973.34 1 56
fmt/scan.go:974.14,975.27 1 33
fmt/scan.go:976.13,977.39 1 57
fmt/scan.go:978.14,979.34 1 26
fmt/scan.go:980.15,981.36 1 10
fmt/scan.go:982.15,983.36 1 10
fmt/scan.go:984.15,985.28 1 9
fmt/scan.go:986.16,987.46 1 0
fmt/scan.go:990.16,991.44 1 24
fmt/scan.go:996.16,997.44 1 103
fmt/scan.go:1002.15,1003.29 1 83
fmt/scan.go:1004.15,1007.37 1 23
fmt/scan.go:1008.10,1011.32 3 173
fmt/scan.go:1015.3,1015.36 1 172
fmt/scan.go:991.44,995.4 3 24
fmt/scan.go:997.44,1001.4 3 103
fmt/scan.go:1011.32,1014.4 2 1
fmt/scan.go:1016.21,1017.31 1 20
fmt/scan.go:1018.79,1019.46 1 57
fmt/scan.go:1020.101,1021.48 1 65
fmt/scan.go:1022.23,1023.38 1 11
fmt/scan.go:1024.22,1027.42 2 11
fmt/scan.go:1030.4,1032.34 3 11
fmt/scan.go:1035.41,1038.63 3 4
fmt/scan.go:1039.46,1040.54 1 4
fmt/scan.go:1041.11,1042.60 1 0
fmt/scan.go:1027.42,1029.5 1 0
fmt/scan.go:1032.34,1034.5 1 28
fmt/scan.go:1048.32,1049.30 1 3488
fmt/scan.go:1049.30,1050.34 1 126
fmt/scan.go:1050.34,1052.4 1 84
fmt/scan.go:1052.9,1052.55 1 42
fmt/scan.go:1052.55,1054.4 1 42
fmt/scan.go:1054.9,1055.12 1 0
fmt/scan.go:1061.68,1063.24 2 2341
fmt/scan.go:1068.2,1068.15 1 2318
fmt/scan.go:1080.2,1080.8 1 2317
fmt/scan.go:1063.24,1066.3 2 2383
fmt/scan.go:1068.15,1069.7 1 347
fmt/scan.go:1069.7,1071.29 2 364
fmt/scan.go:1074.4,1074.19 1 18
fmt/scan.go:1071.29,1072.10 1 346
fmt/scan.go:1074.19,1076.10 2 1
fmt/scan.go:1091.45,1092.22 1 2209
fmt/scan.go:1167.2,1167.8 1 51
fmt/scan.go:1092.22,1101.20 2 3223
fmt/scan.go:1146.3,1146.18 1 3101
fmt/scan.go:1160.3,1161.21 2 984
fmt/scan.go:1165.3,1165.9 1 961
fmt/scan.go:1101.20,1104.41 3 122
fmt/scan.go:1114.4,1114.34 1 122
fmt/scan.go:1123.4,1123.21 1 120
fmt/scan.go:1142.4,1142.12 1 104
fmt/scan.go:1104.41,1105.21 1 163
fmt/scan.go:1111.5,1112.50 2 163
fmt/scan.go:1105.21,1108.6 2 55
fmt/scan.go:1108.11,1110.6 1 108
fmt/scan.go:1114.34,1116.43 2 55
fmt/scan.go:1119.5,1119.40 1 55
fmt/scan.go:1116.43,1118.6 1 24
fmt/scan.go:1119.40,1121.6 1 2
fmt/scan.go:1123.21,1125.22 2 84
fmt/scan.go:1135.5,1135.43 1 68
fmt/scan.go:1138.5,1138.22 1 68
fmt/scan.go:1125.22,1128.43 1 67
fmt/scan.go:1131.6,1131.24 1 53
fmt/scan.go:1128.43,1130.7 1 14
fmt/scan.go:1131.24,1133.7 1 2
fmt/scan.go:1135.43,1137.6 1 51
fmt/scan.go:1138.22,1140.6 1 57
fmt/scan.go:1146.18,1148.26 1 2120
fmt/scan.go:1152.4,1153.20 2 2116
fmt/scan.go:1156.4,1156.10 1 3
fmt/scan.go:1148.26,1150.5 1 4
fmt/scan.go:1153.20,1155.5 1 2113
fmt/scan.go:1161.21,1164.4 2 19
fmt/scan.go:1172.84,1176.24 3 1147
fmt/scan.go:1221.2,1221.27 1 1049
fmt/scan.go:1224.2,1224.8 1 1045
fmt/scan.go:1176.24,1178.12 2 2209
fmt/scan.go:1183.3,1183.23 1 1234
fmt/scan.go:1191.3,1196.18 4 1215
fmt/scan.go:1200.3,1203.15 3 1215
fmt/scan.go:1206.3,1207.46 2 1214
fmt/scan.go:1211.3,1211.29 1 1214
fmt/scan.go:1215.3,1219.23 4 1206
fmt/scan.go:1178.12,1180.12 2 949
fmt/scan.go:1183.23,1185.13 1 19
fmt/scan.go:1189.4,1189.9 1 0
fmt/scan.go:1185.13,1187.5 1 19
fmt/scan.go:1196.18,1198.4 1 1161
fmt/scan.go:1203.15,1205.4 1 1173
fmt/scan.go:1207.46,1209.4 1 54
fmt/scan.go:1211.29,1213.9 2 8
fmt/scan.go:1221.27,1223.3 1 4
