mode: set
fabric-samples/chaincode/test/main.go:3.25,4.9 1 1
fabric-samples/chaincode/test/main.go:16.2,16.19 1 0
fabric-samples/chaincode/test/main.go:5.13,6.20 1 1
fabric-samples/chaincode/test/main.go:7.14,8.16 1 0
fabric-samples/chaincode/test/main.go:9.14,10.17 1 1
fabric-samples/chaincode/test/main.go:11.15,12.15 1 0
fabric-samples/chaincode/test/main.go:13.16,14.16 1 0
